Archive member included to satisfy reference by file (symbol)

C:/ST/STM32CubeIDE_1.18.1/STM32CubeIDE/plugins/com.st.stm32cube.ide.mcu.externaltools.gnu-tools-for-stm32.13.3.rel1.win32_1.0.0.202411081344/tools/bin/../lib/gcc/arm-none-eabi/13.3.1/../../../../arm-none-eabi/lib\libc.a(libc_a-exit.o)
                              C:/ST/STM32CubeIDE_1.18.1/STM32CubeIDE/plugins/com.st.stm32cube.ide.mcu.externaltools.gnu-tools-for-stm32.13.3.rel1.win32_1.0.0.202411081344/tools/bin/../lib/gcc/arm-none-eabi/13.3.1/../../../../arm-none-eabi/lib/crt0.o (exit)
C:/ST/STM32CubeIDE_1.18.1/STM32CubeIDE/plugins/com.st.stm32cube.ide.mcu.externaltools.gnu-tools-for-stm32.13.3.rel1.win32_1.0.0.202411081344/tools/bin/../lib/gcc/arm-none-eabi/13.3.1/../../../../arm-none-eabi/lib\libc.a(libc_a-findfp.o)
                              C:/ST/STM32CubeIDE_1.18.1/STM32CubeIDE/plugins/com.st.stm32cube.ide.mcu.externaltools.gnu-tools-for-stm32.13.3.rel1.win32_1.0.0.202411081344/tools/bin/../lib/gcc/arm-none-eabi/13.3.1/../../../../arm-none-eabi/lib\libc.a(libc_a-exit.o) (__stdio_exit_handler)
C:/ST/STM32CubeIDE_1.18.1/STM32CubeIDE/plugins/com.st.stm32cube.ide.mcu.externaltools.gnu-tools-for-stm32.13.3.rel1.win32_1.0.0.202411081344/tools/bin/../lib/gcc/arm-none-eabi/13.3.1/../../../../arm-none-eabi/lib\libc.a(libc_a-fwalk.o)
                              C:/ST/STM32CubeIDE_1.18.1/STM32CubeIDE/plugins/com.st.stm32cube.ide.mcu.externaltools.gnu-tools-for-stm32.13.3.rel1.win32_1.0.0.202411081344/tools/bin/../lib/gcc/arm-none-eabi/13.3.1/../../../../arm-none-eabi/lib\libc.a(libc_a-findfp.o) (_fwalk_sglue)
C:/ST/STM32CubeIDE_1.18.1/STM32CubeIDE/plugins/com.st.stm32cube.ide.mcu.externaltools.gnu-tools-for-stm32.13.3.rel1.win32_1.0.0.202411081344/tools/bin/../lib/gcc/arm-none-eabi/13.3.1/../../../../arm-none-eabi/lib\libc.a(libc_a-stdio.o)
                              C:/ST/STM32CubeIDE_1.18.1/STM32CubeIDE/plugins/com.st.stm32cube.ide.mcu.externaltools.gnu-tools-for-stm32.13.3.rel1.win32_1.0.0.202411081344/tools/bin/../lib/gcc/arm-none-eabi/13.3.1/../../../../arm-none-eabi/lib\libc.a(libc_a-findfp.o) (__sread)
C:/ST/STM32CubeIDE_1.18.1/STM32CubeIDE/plugins/com.st.stm32cube.ide.mcu.externaltools.gnu-tools-for-stm32.13.3.rel1.win32_1.0.0.202411081344/tools/bin/../lib/gcc/arm-none-eabi/13.3.1/../../../../arm-none-eabi/lib\libc.a(libc_a-memset.o)
                              C:/ST/STM32CubeIDE_1.18.1/STM32CubeIDE/plugins/com.st.stm32cube.ide.mcu.externaltools.gnu-tools-for-stm32.13.3.rel1.win32_1.0.0.202411081344/tools/bin/../lib/gcc/arm-none-eabi/13.3.1/../../../../arm-none-eabi/lib/crt0.o (memset)
C:/ST/STM32CubeIDE_1.18.1/STM32CubeIDE/plugins/com.st.stm32cube.ide.mcu.externaltools.gnu-tools-for-stm32.13.3.rel1.win32_1.0.0.202411081344/tools/bin/../lib/gcc/arm-none-eabi/13.3.1/../../../../arm-none-eabi/lib\libc.a(libc_a-closer.o)
                              C:/ST/STM32CubeIDE_1.18.1/STM32CubeIDE/plugins/com.st.stm32cube.ide.mcu.externaltools.gnu-tools-for-stm32.13.3.rel1.win32_1.0.0.202411081344/tools/bin/../lib/gcc/arm-none-eabi/13.3.1/../../../../arm-none-eabi/lib\libc.a(libc_a-stdio.o) (_close_r)
C:/ST/STM32CubeIDE_1.18.1/STM32CubeIDE/plugins/com.st.stm32cube.ide.mcu.externaltools.gnu-tools-for-stm32.13.3.rel1.win32_1.0.0.202411081344/tools/bin/../lib/gcc/arm-none-eabi/13.3.1/../../../../arm-none-eabi/lib\libc.a(libc_a-reent.o)
                              C:/ST/STM32CubeIDE_1.18.1/STM32CubeIDE/plugins/com.st.stm32cube.ide.mcu.externaltools.gnu-tools-for-stm32.13.3.rel1.win32_1.0.0.202411081344/tools/bin/../lib/gcc/arm-none-eabi/13.3.1/../../../../arm-none-eabi/lib\libc.a(libc_a-closer.o) (errno)
C:/ST/STM32CubeIDE_1.18.1/STM32CubeIDE/plugins/com.st.stm32cube.ide.mcu.externaltools.gnu-tools-for-stm32.13.3.rel1.win32_1.0.0.202411081344/tools/bin/../lib/gcc/arm-none-eabi/13.3.1/../../../../arm-none-eabi/lib\libc.a(libc_a-impure.o)
                              C:/ST/STM32CubeIDE_1.18.1/STM32CubeIDE/plugins/com.st.stm32cube.ide.mcu.externaltools.gnu-tools-for-stm32.13.3.rel1.win32_1.0.0.202411081344/tools/bin/../lib/gcc/arm-none-eabi/13.3.1/../../../../arm-none-eabi/lib\libc.a(libc_a-reent.o) (_impure_ptr)
C:/ST/STM32CubeIDE_1.18.1/STM32CubeIDE/plugins/com.st.stm32cube.ide.mcu.externaltools.gnu-tools-for-stm32.13.3.rel1.win32_1.0.0.202411081344/tools/bin/../lib/gcc/arm-none-eabi/13.3.1/../../../../arm-none-eabi/lib\libc.a(libc_a-lseekr.o)
                              C:/ST/STM32CubeIDE_1.18.1/STM32CubeIDE/plugins/com.st.stm32cube.ide.mcu.externaltools.gnu-tools-for-stm32.13.3.rel1.win32_1.0.0.202411081344/tools/bin/../lib/gcc/arm-none-eabi/13.3.1/../../../../arm-none-eabi/lib\libc.a(libc_a-stdio.o) (_lseek_r)
C:/ST/STM32CubeIDE_1.18.1/STM32CubeIDE/plugins/com.st.stm32cube.ide.mcu.externaltools.gnu-tools-for-stm32.13.3.rel1.win32_1.0.0.202411081344/tools/bin/../lib/gcc/arm-none-eabi/13.3.1/../../../../arm-none-eabi/lib\libc.a(libc_a-readr.o)
[...]
Memory Configuration

Name             Origin             Length             Attributes
RAM              0x20000000         0x00002800         xrw
FLASH            0x08000000         0x00008000         xr
*default*        0x00000000         0xffffffff

Linker script and memory map

LOAD C:/ST/STM32CubeIDE_1.18.1/STM32CubeIDE/plugins/com.st.stm32cube.ide.mcu.externaltools.gnu-tools-for-stm32.13.3.rel1.win32_1.0.0.202411081344/tools/bin/../lib/gcc/arm-none-eabi/13.3.1/crti.o
LOAD C:/ST/STM32CubeIDE_1.18.1/STM32CubeIDE/plugins/com.st.stm32cube.ide.mcu.externaltools.gnu-tools-for-stm32.13.3.rel1.win32_1.0.0.202411081344/tools/bin/../lib/gcc/arm-none-eabi/13.3.1/crtbegin.o
LOAD C:/ST/STM32CubeIDE_1.18.1/STM32CubeIDE/plugins/com.st.stm32cube.ide.mcu.externaltools.gnu-tools-for-stm32.13.3.rel1.win32_1.0.0.202411081344/tools/bin/../lib/gcc/arm-none-eabi/13.3.1/../../../../arm-none-eabi/lib/crt0.o
START GROUP
END GROUP
LOAD CMakeFiles/app.dir/Startup/startup_stm32f103c6tx.s.obj
LOAD CMakeFiles/app.dir/Sources/main.cc.obj
LOAD CMakeFiles/app.dir/Sources/syscalls.c.obj
LOAD CMakeFiles/app.dir/Sources/sysmem.c.obj
LOAD CMakeFiles/app.dir/Sources/gpio.c.obj
LOAD CMakeFiles/app.dir/Sources/spi.c.obj
LOAD CMakeFiles/app.dir/Sources/usart.cc.obj
LOAD C:/ST/STM32CubeIDE_1.18.1/STM32CubeIDE/plugins/com.st.stm32cube.ide.mcu.externaltools.gnu-tools-for-stm32.13.3.rel1.win32_1.0.0.202411081344/tools/bin/../lib/gcc/arm-none-eabi/13.3.1/../../../../arm-none-eabi/lib\libstdc++.a
LOAD C:/ST/STM32CubeIDE_1.18.1/STM32CubeIDE/plugins/com.st.stm32cube.ide.mcu.externaltools.gnu-tools-for-stm32.13.3.rel1.win32_1.0.0.202411081344/tools/bin/../lib/gcc/arm-none-eabi/13.3.1/../../../../arm-none-eabi/lib\libm.a
LOAD C:/ST/STM32CubeIDE_1.18.1/STM32CubeIDE/plugins/com.st.stm32cube.ide.mcu.externaltools.gnu-tools-for-stm32.13.3.rel1.win32_1.0.0.202411081344/tools/bin/../lib/gcc/arm-none-eabi/13.3.1/../../../../arm-none-eabi/lib\libc.a
START GROUP
LOAD C:/ST/STM32CubeIDE_1.18.1/STM32CubeIDE/plugins/com.st.stm32cube.ide.mcu.externaltools.gnu-tools-for-stm32.13.3.rel1.win32_1.0.0.202411081344/tools/bin/../lib/gcc/arm-none-eabi/13.3.1\libgcc.a
LOAD C:/ST/STM32CubeIDE_1.18.1/STM32CubeIDE/plugins/com.st.stm32cube.ide.mcu.externaltools.gnu-tools-for-stm32.13.3.rel1.win32_1.0.0.202411081344/tools/bin/../lib/gcc/arm-none-eabi/13.3.1/../../../../arm-none-eabi/lib\libg.a
LOAD C:/ST/STM32CubeIDE_1.18.1/STM32CubeIDE/plugins/com.st.stm32cube.ide.mcu.externaltools.gnu-tools-for-stm32.13.3.rel1.win32_1.0.0.202411081344/tools/bin/../lib/gcc/arm-none-eabi/13.3.1/../../../../arm-none-eabi/lib\libc.a
END GROUP
START GROUP
LOAD C:/ST/STM32CubeIDE_1.18.1/STM32CubeIDE/plugins/com.st.stm32cube.ide.mcu.externaltools.gnu-tools-for-stm32.13.3.rel1.win32_1.0.0.202411081344/tools/bin/../lib/gcc/arm-none-eabi/13.3.1\libgcc.a
LOAD C:/ST/STM32CubeIDE_1.18.1/STM32CubeIDE/plugins/com.st.stm32cube.ide.mcu.externaltools.gnu-tools-for-stm32.13.3.rel1.win32_1.0.0.202411081344/tools/bin/../lib/gcc/arm-none-eabi/13.3.1/../../../../arm-none-eabi/lib\libc.a
LOAD C:/ST/STM32CubeIDE_1.18.1/STM32CubeIDE/plugins/com.st.stm32cube.ide.mcu.externaltools.gnu-tools-for-stm32.13.3.rel1.win32_1.0.0.202411081344/tools/bin/../lib/gcc/arm-none-eabi/13.3.1/../../../../arm-none-eabi/lib\libnosys.a
END GROUP
LOAD C:/ST/STM32CubeIDE_1.18.1/STM32CubeIDE/plugins/com.st.stm32cube.ide.mcu.externaltools.gnu-tools-for-stm32.13.3.rel1.win32_1.0.0.202411081344/tools/bin/../lib/gcc/arm-none-eabi/13.3.1/crtend.o
LOAD C:/ST/STM32CubeIDE_1.18.1/STM32CubeIDE/plugins/com.st.stm32cube.ide.mcu.externaltools.gnu-tools-for-stm32.13.3.rel1.win32_1.0.0.202411081344/tools/bin/../lib/gcc/arm-none-eabi/13.3.1/crtn.o
                0x20002800                        _estack = (ORIGIN (RAM) + LENGTH (RAM))
                0x00000200                        _Min_Heap_Size = 0x200
                0x00000400                        _Min_Stack_Size = 0x400

.isr_vector     0x08000000      0x130
                0x08000000                        . = ALIGN (0x4)
 *(.isr_vector)
 .isr_vector    0x08000000      0x130 CMakeFiles/app.dir/Startup/startup_stm32f103c6tx.s.obj
                0x08000000                g_pfnVectors
                0x08000130                        . = ALIGN (0x4)

.text           0x08000130     0x1de8
                0x08000130                        . = ALIGN (0x4)
 *(.text)
 .text          0x08000130       0x70 C:/ST/STM32CubeIDE_1.18.1/STM32CubeIDE/plugins/com.st.stm32cube.ide.mcu.externaltools.gnu-tools-for-stm32.13.3.rel1.win32_1.0.0.202411081344/tools/bin/../lib/gcc/arm-none-eabi/13.3.1/crtbegin.o
 .text          0x080001a0       0x1c CMakeFiles/app.dir/Sources/main.cc.obj
                0x080001a0                main
 .text          0x080001bc      0x204 CMakeFiles/app.dir/Sources/syscalls.c.obj
                0x080001bc                initialise_monitor_handles
                0x080001c8                _getpid
                0x080001d6                _kill
                0x080001f6                _exit
                0x0800020c                _read
                0x08000246                _write
                0x0800027e                _close
                0x08000294                _fstat
                0x080002b2                _isatty
                0x080002c6                _lseek
                0x080002de                _open
                0x080002f8                _wait
                0x08000316                _unlink
                0x08000334                _times
                0x0800034a                _stat
                0x08000368                _link
                0x08000388                _fork
                0x0800039e                _execve
 .text          0x080003c0       0x20 CMakeFiles/app.dir/Sources/usart.cc.obj
                0x080003c0                API::clz()
 .text          0x080003e0     0x1084 C:/ST/STM32CubeIDE_1.18.1/STM32CubeIDE/plugins/com.st.stm32cube.ide.mcu.externaltools.gnu-tools-for-stm32.13.3.rel1.win32_1.0.0.202411081344/tools/bin/../lib/gcc/arm-none-eabi/13.3.1\libgcc.a(unwind-arm.o)
                0x08000854                _Unwind_GetCFA
                0x0800085c                __gnu_Unwind_RaiseException
                0x08000908                __gnu_Unwind_ForcedUnwind
                0x08000930                __gnu_Unwind_Resume
                0x080009a8                __gnu_Unwind_Resume_or_Rethrow
                0x080009c4                _Unwind_Complete
                0x080009c8                _Unwind_DeleteException
                0x080009e0                _Unwind_VRS_Get
                0x08000a7c                _Unwind_VRS_Set
                0x08000b18                __gnu_Unwind_Backtrace
                0x08001000                __aeabi_unwind_cpp_pr0
                0x08001008                __aeabi_unwind_cpp_pr1
                0x08001010                __aeabi_unwind_cpp_pr2
                0x08001018                _Unwind_VRS_Pop
 .text          0x08001464      0x1b0 C:/ST/STM32CubeIDE_1.18.1/STM32CubeIDE/plugins/com.st.stm32cube.ide.mcu.externaltools.gnu-tools-for-stm32.13.3.rel1.win32_1.0.0.202411081344/tools/bin/../lib/gcc/arm-none-eabi/13.3.1\libgcc.a(libunwind.o)
                0x08001464                __restore_core_regs
                0x08001464                restore_core_regs
                0x08001480                __gnu_Unwind_Restore_VFP
                0x08001488                __gnu_Unwind_Save_VFP
                0x08001490                __gnu_Unwind_Restore_VFP_D
                0x08001498                __gnu_Unwind_Save_VFP_D
                0x080014a0                __gnu_Unwind_Restore_VFP_D_16_to_31
                0x080014a8                __gnu_Unwind_Save_VFP_D_16_to_31
                0x080014b0                __gnu_Unwind_Restore_WMMXD
                0x080014f4                __gnu_Unwind_Save_WMMXD
                0x08001538                __gnu_Unwind_Restore_WMMXC
                0x0800154c                __gnu_Unwind_Save_WMMXC
                0x08001560                ___Unwind_RaiseException
                0x08001560                _Unwind_RaiseException
                0x08001584                _Unwind_Resume
                0x08001584                ___Unwind_Resume
                0x080015a8                _Unwind_Resume_or_Rethrow
                0x080015a8                ___Unwind_Resume_or_Rethrow
                0x080015cc                _Unwind_ForcedUnwind
                0x080015cc                ___Unwind_ForcedUnwind
                0x080015f0                ___Unwind_Backtrace
                0x080015f0                _Unwind_Backtrace
 .text          0x08001614      0x584 C:/ST/STM32CubeIDE_1.18.1/STM32CubeIDE/plugins/com.st.stm32cube.ide.mcu.externaltools.gnu-tools-for-stm32.13.3.rel1.win32_1.0.0.202411081344/tools/bin/../lib/gcc/arm-none-eabi/13.3.1\libgcc.a(pr-support.o)
                0x080016a8                __gnu_unwind_execute
                0x08001b18                __gnu_unwind_frame
                0x08001b64                _Unwind_GetRegionStart
                0x08001b78                _Unwind_GetLanguageSpecificData
 *(.text*)
 .text.Reset_Handler
                0x08001b98       0x50 CMakeFiles/app.dir/Startup/startup_stm32f103c6tx.s.obj
                0x08001b98                Reset_Handler
 .text.Default_Handler
                0x08001be8        0x2 CMakeFiles/app.dir/Startup/startup_stm32f103c6tx.s.obj
                0x08001be8                EXTI2_IRQHandler
                0x08001be8                TIM8_TRG_COM_IRQHandler
                0x08001be8                TIM8_CC_IRQHandler
                0x08001be8                DebugMon_Handler
                0x08001be8                TIM1_CC_IRQHandler
                0x08001be8                HardFault_Handler
                0x08001be8                TIM6_IRQHandler
                0x08001be8                SysTick_Handler
                0x08001be8                PVD_IRQHandler
                0x08001be8                SDIO_IRQHandler
                0x08001be8                PendSV_Handler
                0x08001be8                NMI_Handler
                0x08001be8                EXTI3_IRQHandler
                0x08001be8                USB_HP_CAN_TX_IRQHandler
                0x08001be8                EXTI0_IRQHandler
                0x08001be8                I2C2_EV_IRQHandler
                0x08001be8                UsageFault_Handler
                0x08001be8                ADC1_2_IRQHandler
                0x08001be8                SPI1_IRQHandler
                0x08001be8                CAN_SCE_IRQHandler
                0x08001be8                TAMPER_IRQHandler
                0x08001be8                TIM8_UP_IRQHandler
                0x08001be8                DMA2_Channel2_IRQHandler
                0x08001be8                DMA1_Channel4_IRQHandler
                0x08001be8                USART3_IRQHandler
                0x08001be8                RTC_IRQHandler
                0x08001be8                DMA1_Channel7_IRQHandler
                0x08001be8                UART5_IRQHandler
                0x08001be8                ADC3_IRQHandler
                0x08001be8                TIM4_IRQHandler
                0x08001be8                CAN_RX1_IRQHandler
                0x08001be8                DMA2_Channel1_IRQHandler
                0x08001be8                I2C1_EV_IRQHandler
                0x08001be8                DMA1_Channel6_IRQHandler
                0x08001be8                UART4_IRQHandler
                0x08001be8                TIM3_IRQHandler
                0x08001be8                RCC_IRQHandler
                0x08001be8                TIM1_TRG_COM_IRQHandler
                0x08001be8                DMA1_Channel1_IRQHandler
                0x08001be8                Default_Handler
                0x08001be8                EXTI15_10_IRQHandler
                0x08001be8                TIM7_IRQHandler
                0x08001be8                TIM5_IRQHandler
                0x08001be8                EXTI9_5_IRQHandler
                0x08001be8                SPI2_IRQHandler
                0x08001be8                USB_LP_CAN_RX0_IRQHandler
                0x08001be8                MemManage_Handler
                0x08001be8                SVC_Handler
                0x08001be8                DMA1_Channel5_IRQHandler
                0x08001be8                EXTI4_IRQHandler
                0x08001be8                DMA1_Channel3_IRQHandler
                0x08001be8                FSMC_IRQHandler
                0x08001be8                TIM1_UP_IRQHandler
                0x08001be8                WWDG_IRQHandler
                0x08001be8                TIM2_IRQHandler
                0x08001be8                TIM1_BRK_IRQHandler
                0x08001be8                EXTI1_IRQHandler
                0x08001be8                RTCAlarm_IRQHandler
                0x08001be8                DMA2_Channel4_5_IRQHandler
                0x08001be8                USART2_IRQHandler
                0x08001be8                I2C2_ER_IRQHandler
                0x08001be8                DMA1_Channel2_IRQHandler
                0x08001be8                TIM8_BRK_IRQHandler
                0x08001be8                FLASH_IRQHandler
                0x08001be8                BusFault_Handler
                0x08001be8                USART1_IRQHandler
                0x08001be8                SPI3_IRQHandler
                0x08001be8                I2C1_ER_IRQHandler
                0x08001be8                DMA2_Channel3_IRQHandler
 *fill*         0x08001bea        0x2 
 .text.__errno  0x08001bec       0x10 C:/ST/STM32CubeIDE_1.18.1/STM32CubeIDE/plugins/com.st.stm32cube.ide.mcu.externaltools.gnu-tools-for-stm32.13.3.rel1.win32_1.0.0.202411081344/tools/bin/../lib/gcc/arm-none-eabi/13.3.1/../../../../arm-none-eabi/lib\libc.a(libc_a-errno.o)
                0x08001bec                __errno
 .text.__libc_init_array
                0x08001bfc       0x80 C:/ST/STM32CubeIDE_1.18.1/STM32CubeIDE/plugins/com.st.stm32cube.ide.mcu.externaltools.gnu-tools-for-stm32.13.3.rel1.win32_1.0.0.202411081344/tools/bin/../lib/gcc/arm-none-eabi/13.3.1/../../../../arm-none-eabi/lib\libc.a(libc_a-init.o)
                0x08001bfc                __libc_init_array
 .text.__retarget_lock_acquire_recursive
                0x08001c7c        0x4 C:/ST/STM32CubeIDE_1.18.1/STM32CubeIDE/plugins/com.st.stm32cube.ide.mcu.externaltools.gnu-tools-for-stm32.13.3.rel1.win32_1.0.0.202411081344/tools/bin/../lib/gcc/arm-none-eabi/13.3.1/../../../../arm-none-eabi/lib\libc.a(libc_a-lock.o)
                0x08001c7c                __retarget_lock_acquire_recursive
 .text.__retarget_lock_release_recursive
                0x08001c80        0x4 C:/ST/STM32CubeIDE_1.18.1/STM32CubeIDE/plugins/com.st.stm32cube.ide.mcu.externaltools.gnu-tools-for-stm32.13.3.rel1.win32_1.0.0.202411081344/tools/bin/../lib/gcc/arm-none-eabi/13.3.1/../../../../arm-none-eabi/lib\libc.a(libc_a-lock.o)
                0x08001c80                __retarget_lock_release_recursive
 .text.startup.register_fini
                0x08001c84       0x28 C:/ST/STM32CubeIDE_1.18.1/STM32CubeIDE/plugins/com.st.stm32cube.ide.mcu.externaltools.gnu-tools-for-stm32.13.3.rel1.win32_1.0.0.202411081344/tools/bin/../lib/gcc/arm-none-eabi/13.3.1/../../../../arm-none-eabi/lib\libc.a(libc_a-__call_atexit.o)
 .text.atexit   0x08001cac       0x20 C:/ST/STM32CubeIDE_1.18.1/STM32CubeIDE/plugins/com.st.stm32cube.ide.mcu.externaltools.gnu-tools-for-stm32.13.3.rel1.win32_1.0.0.202411081344/tools/bin/../lib/gcc/arm-none-eabi/13.3.1/../../../../arm-none-eabi/lib\libc.a(libc_a-atexit.o)
                0x08001cac                atexit
 .text.__libc_fini_array
                0x08001ccc       0x44 C:/ST/STM32CubeIDE_1.18.1/STM32CubeIDE/plugins/com.st.stm32cube.ide.mcu.externaltools.gnu-tools-for-stm32.13.3.rel1.win32_1.0.0.202411081344/tools/bin/../lib/gcc/arm-none-eabi/13.3.1/../../../../arm-none-eabi/lib\libc.a(libc_a-fini.o)
                0x08001ccc                __libc_fini_array
 .text.__register_exitproc
                0x08001d10       0xb4 C:/ST/STM32CubeIDE_1.18.1/STM32CubeIDE/plugins/com.st.stm32cube.ide.mcu.externaltools.gnu-tools-for-stm32.13.3.rel1.win32_1.0.0.202411081344/tools/bin/../lib/gcc/arm-none-eabi/13.3.1/../../../../arm-none-eabi/lib\libc.a(libc_a-__atexit.o)
                0x08001d10                __register_exitproc
 .text.abort    0x08001dc4       0x14 C:/ST/STM32CubeIDE_1.18.1/STM32CubeIDE/plugins/com.st.stm32cube.ide.mcu.externaltools.gnu-tools-for-stm32.13.3.rel1.win32_1.0.0.202411081344/tools/bin/../lib/gcc/arm-none-eabi/13.3.1/../../../../arm-none-eabi/lib\libg.a(libc_a-abort.o)
                0x08001dc4                abort
 .text._raise_r
                0x08001dd8       0x90 C:/ST/STM32CubeIDE_1.18.1/STM32CubeIDE/plugins/com.st.stm32cube.ide.mcu.externaltools.gnu-tools-for-stm32.13.3.rel1.win32_1.0.0.202411081344/tools/bin/../lib/gcc/arm-none-eabi/13.3.1/../../../../arm-none-eabi/lib\libg.a(libc_a-signal.o)
                0x08001dd8                _raise_r
 .text.raise    0x08001e68       0x14 C:/ST/STM32CubeIDE_1.18.1/STM32CubeIDE/plugins/com.st.stm32cube.ide.mcu.externaltools.gnu-tools-for-stm32.13.3.rel1.win32_1.0.0.202411081344/tools/bin/../lib/gcc/arm-none-eabi/13.3.1/../../../../arm-none-eabi/lib\libg.a(libc_a-signal.o)
                0x08001e68                raise
 .text._kill_r  0x08001e7c       0x40 C:/ST/STM32CubeIDE_1.18.1/STM32CubeIDE/plugins/com.st.stm32cube.ide.mcu.externaltools.gnu-tools-for-stm32.13.3.rel1.win32_1.0.0.202411081344/tools/bin/../lib/gcc/arm-none-eabi/13.3.1/../../../../arm-none-eabi/lib\libg.a(libc_a-signalr.o)
                0x08001e7c                _kill_r
 .text._getpid_r
                0x08001ebc       0x10 C:/ST/STM32CubeIDE_1.18.1/STM32CubeIDE/plugins/com.st.stm32cube.ide.mcu.externaltools.gnu-tools-for-stm32.13.3.rel1.win32_1.0.0.202411081344/tools/bin/../lib/gcc/arm-none-eabi/13.3.1/../../../../arm-none-eabi/lib\libg.a(libc_a-signalr.o)
                0x08001ebc                _getpid_r
 .text.memcpy   0x08001ecc       0x1c C:/ST/STM32CubeIDE_1.18.1/STM32CubeIDE/plugins/com.st.stm32cube.ide.mcu.externaltools.gnu-tools-for-stm32.13.3.rel1.win32_1.0.0.202411081344/tools/bin/../lib/gcc/arm-none-eabi/13.3.1/../../../../arm-none-eabi/lib\libg.a(libc_a-memcpy-stub.o)
                0x08001ecc                memcpy
 *(.glue_7)
 .glue_7        0x08001ee8        0x0 linker stubs
 *(.glue_7t)
 .glue_7t       0x08001ee8        0x0 linker stubs
 *(.eh_frame)
 .eh_frame      0x08001ee8        0x0 C:/ST/STM32CubeIDE_1.18.1/STM32CubeIDE/plugins/com.st.stm32cube.ide.mcu.externaltools.gnu-tools-for-stm32.13.3.rel1.win32_1.0.0.202411081344/tools/bin/../lib/gcc/arm-none-eabi/13.3.1/crtbegin.o
 *(.init)
 .init          0x08001ee8        0xc C:/ST/STM32CubeIDE_1.18.1/STM32CubeIDE/plugins/com.st.stm32cube.ide.mcu.externaltools.gnu-tools-for-stm32.13.3.rel1.win32_1.0.0.202411081344/tools/bin/../lib/gcc/arm-none-eabi/13.3.1/crti.o
                0x08001ee8                _init
 .init          0x08001ef4        0xc C:/ST/STM32CubeIDE_1.18.1/STM32CubeIDE/plugins/com.st.stm32cube.ide.mcu.externaltools.gnu-tools-for-stm32.13.3.rel1.win32_1.0.0.202411081344/tools/bin/../lib/gcc/arm-none-eabi/13.3.1/crtn.o
 *(.fini)
 .fini          0x08001f00        0xc C:/ST/STM32CubeIDE_1.18.1/STM32CubeIDE/plugins/com.st.stm32cube.ide.mcu.externaltools.gnu-tools-for-stm32.13.3.rel1.win32_1.0.0.202411081344/tools/bin/../lib/gcc/arm-none-eabi/13.3.1/crti.o
                0x08001f00                _fini
 .fini          0x08001f0c        0xc C:/ST/STM32CubeIDE_1.18.1/STM32CubeIDE/plugins/com.st.stm32cube.ide.mcu.externaltools.gnu-tools-for-stm32.13.3.rel1.win32_1.0.0.202411081344/tools/bin/../lib/gcc/arm-none-eabi/13.3.1/crtn.o
                0x08001f18                        . = ALIGN (0x4)
                0x08001f18                        _etext = .

.vfp11_veneer   0x08001f18        0x0
 .vfp11_veneer  0x08001f18        0x0 linker stubs

.v4_bx          0x08001f18        0x0
 .v4_bx         0x08001f18        0x0 linker stubs

.iplt           0x08001f18        0x0
 .iplt          0x08001f18        0x0 C:/ST/STM32CubeIDE_1.18.1/STM32CubeIDE/plugins/com.st.stm32cube.ide.mcu.externaltools.gnu-tools-for-stm32.13.3.rel1.win32_1.0.0.202411081344/tools/bin/../lib/gcc/arm-none-eabi/13.3.1/crtbegin.o

.rodata         0x08001f18        0x0
                0x08001f18                        . = ALIGN (0x4)
 *(.rodata)
 *(.rodata*)
                0x08001f18                        . = ALIGN (0x4)

.ARM.extab      0x08001f18        0xc
                0x08001f18                        . = ALIGN (0x4)
 *(.ARM.extab* .gnu.linkonce.armextab.*)
 .ARM.extab     0x08001f18        0xc CMakeFiles/app.dir/Sources/main.cc.obj
                0x08001f24                        . = ALIGN (0x4)

.ARM            0x08001f24       0xb8
                0x08001f24                        . = ALIGN (0x4)
                0x08001f24                        __exidx_start = .
 *(.ARM.exidx*)
 .ARM.exidx     0x08001f24       0x10 CMakeFiles/app.dir/Sources/main.cc.obj
                                  0x8 (size before relaxing)
 .ARM.exidx     0x08001f34        0x0 CMakeFiles/app.dir/Sources/usart.cc.obj
                                  0x8 (size before relaxing)
 .ARM.exidx     0x08001f34       0x78 C:/ST/STM32CubeIDE_1.18.1/STM32CubeIDE/plugins/com.st.stm32cube.ide.mcu.externaltools.gnu-tools-for-stm32.13.3.rel1.win32_1.0.0.202411081344/tools/bin/../lib/gcc/arm-none-eabi/13.3.1\libgcc.a(unwind-arm.o)
                                 0xd8 (size before relaxing)
 .ARM.exidx     0x08001fac       0x30 C:/ST/STM32CubeIDE_1.18.1/STM32CubeIDE/plugins/com.st.stm32cube.ide.mcu.externaltools.gnu-tools-for-stm32.13.3.rel1.win32_1.0.0.202411081344/tools/bin/../lib/gcc/arm-none-eabi/13.3.1\libgcc.a(pr-support.o)
                                 0x38 (size before relaxing)
                0x08001fdc                        __exidx_end = .
                0x08001fdc                        . = ALIGN (0x4)

.preinit_array  0x08001fdc        0x0
                0x08001fdc                        . = ALIGN (0x4)
                0x08001fdc                        PROVIDE (__preinit_array_start = .)
 *(.preinit_array*)
                0x08001fdc                        PROVIDE (__preinit_array_end = .)
                0x08001fdc                        . = ALIGN (0x4)

.init_array     0x08001fdc        0x8
                0x08001fdc                        . = ALIGN (0x4)
                0x08001fdc                        PROVIDE (__init_array_start = .)
 *(SORT_BY_NAME(.init_array.*))
 .init_array.00000
                0x08001fdc        0x4 C:/ST/STM32CubeIDE_1.18.1/STM32CubeIDE/plugins/com.st.stm32cube.ide.mcu.externaltools.gnu-tools-for-stm32.13.3.rel1.win32_1.0.0.202411081344/tools/bin/../lib/gcc/arm-none-eabi/13.3.1/../../../../arm-none-eabi/lib\libc.a(libc_a-__call_atexit.o)
 *(.init_array*)
 .init_array    0x08001fe0        0x4 C:/ST/STM32CubeIDE_1.18.1/STM32CubeIDE/plugins/com.st.stm32cube.ide.mcu.externaltools.gnu-tools-for-stm32.13.3.rel1.win32_1.0.0.202411081344/tools/bin/../lib/gcc/arm-none-eabi/13.3.1/crtbegin.o
                0x08001fe4                        PROVIDE (__init_array_end = .)
                0x08001fe4                        . = ALIGN (0x4)

.fini_array     0x08001fe4        0x4
                0x08001fe4                        . = ALIGN (0x4)
                0x08001fe4                        PROVIDE (__fini_array_start = .)
 *(SORT_BY_NAME(.fini_array.*))
 *(.fini_array*)
 .fini_array    0x08001fe4        0x4 C:/ST/STM32CubeIDE_1.18.1/STM32CubeIDE/plugins/com.st.stm32cube.ide.mcu.externaltools.gnu-tools-for-stm32.13.3.rel1.win32_1.0.0.202411081344/tools/bin/../lib/gcc/arm-none-eabi/13.3.1/crtbegin.o
                0x08001fe8                        PROVIDE (__fini_array_end = .)
                0x08001fe8                        . = ALIGN (0x4)
                0x08001fe8                        _sidata = LOADADDR (.data)

.rel.dyn        0x08001fe8        0x0
 .rel.iplt      0x08001fe8        0x0 C:/ST/STM32CubeIDE_1.18.1/STM32CubeIDE/plugins/com.st.stm32cube.ide.mcu.externaltools.gnu-tools-for-stm32.13.3.rel1.win32_1.0.0.202411081344/tools/bin/../lib/gcc/arm-none-eabi/13.3.1/crtbegin.o

.data           0x20000000      0x14c load address 0x08001fe8
                0x20000000                        . = ALIGN (0x4)
                0x20000000                        _sdata = .
 *(.data)
 *(.data*)
 .data._impure_ptr
                0x20000000        0x4 C:/ST/STM32CubeIDE_1.18.1/STM32CubeIDE/plugins/com.st.stm32cube.ide.mcu.externaltools.gnu-tools-for-stm32.13.3.rel1.win32_1.0.0.202411081344/tools/bin/../lib/gcc/arm-none-eabi/13.3.1/../../../../arm-none-eabi/lib\libc.a(libc_a-impure.o)
                0x20000000                _impure_ptr
 *fill*         0x20000004        0x4 
 .data._impure_data
                0x20000008      0x140 C:/ST/STM32CubeIDE_1.18.1/STM32CubeIDE/plugins/com.st.stm32cube.ide.mcu.externaltools.gnu-tools-for-stm32.13.3.rel1.win32_1.0.0.202411081344/tools/bin/../lib/gcc/arm-none-eabi/13.3.1/../../../../arm-none-eabi/lib\libc.a(libc_a-impure.o)
                0x20000008                _impure_data
 .data.__atexit_recursive_mutex
                0x20000148        0x4 C:/ST/STM32CubeIDE_1.18.1/STM32CubeIDE/plugins/com.st.stm32cube.ide.mcu.externaltools.gnu-tools-for-stm32.13.3.rel1.win32_1.0.0.202411081344/tools/bin/../lib/gcc/arm-none-eabi/13.3.1/../../../../arm-none-eabi/lib\libc.a(libc_a-__call_atexit.o)
                0x20000148                __atexit_recursive_mutex
 *(.RamFunc)
 *(.RamFunc*)
                0x2000014c                        . = ALIGN (0x4)
                0x2000014c                        _edata = .

.igot.plt       0x2000014c        0x0 load address 0x08002134
 .igot.plt      0x2000014c        0x0 C:/ST/STM32CubeIDE_1.18.1/STM32CubeIDE/plugins/com.st.stm32cube.ide.mcu.externaltools.gnu-tools-for-stm32.13.3.rel1.win32_1.0.0.202411081344/tools/bin/../lib/gcc/arm-none-eabi/13.3.1/crtbegin.o
                0x2000014c                        . = ALIGN (0x4)

.bss            0x2000014c      0x2f0 load address 0x08002134
                0x2000014c                        _sbss = .
                0x2000014c                        __bss_start__ = _sbss
 *(.bss)
 .bss           0x2000014c       0x1c C:/ST/STM32CubeIDE_1.18.1/STM32CubeIDE/plugins/com.st.stm32cube.ide.mcu.externaltools.gnu-tools-for-stm32.13.3.rel1.win32_1.0.0.202411081344/tools/bin/../lib/gcc/arm-none-eabi/13.3.1/crtbegin.o
 *(.bss*)
 .bss.__sf      0x20000168      0x138 C:/ST/STM32CubeIDE_1.18.1/STM32CubeIDE/plugins/com.st.stm32cube.ide.mcu.externaltools.gnu-tools-for-stm32.13.3.rel1.win32_1.0.0.202411081344/tools/bin/../lib/gcc/arm-none-eabi/13.3.1/../../../../arm-none-eabi/lib\libc.a(libc_a-findfp.o)
                0x20000168                __sf
 .bss.errno     0x200002a0        0x4 C:/ST/STM32CubeIDE_1.18.1/STM32CubeIDE/plugins/com.st.stm32cube.ide.mcu.externaltools.gnu-tools-for-stm32.13.3.rel1.win32_1.0.0.202411081344/tools/bin/../lib/gcc/arm-none-eabi/13.3.1/../../../../arm-none-eabi/lib\libc.a(libc_a-reent.o)
                0x200002a0                errno
 .bss.__lock___atexit_recursive_mutex
                0x200002a4        0x1 C:/ST/STM32CubeIDE_1.18.1/STM32CubeIDE/plugins/com.st.stm32cube.ide.mcu.externaltools.gnu-tools-for-stm32.13.3.rel1.win32_1.0.0.202411081344/tools/bin/../lib/gcc/arm-none-eabi/13.3.1/../../../../arm-none-eabi/lib\libc.a(libc_a-lock.o)
                0x200002a4                __lock___atexit_recursive_mutex
 *fill*         0x200002a5        0x3 
 .bss.__atexit  0x200002a8        0x4 C:/ST/STM32CubeIDE_1.18.1/STM32CubeIDE/plugins/com.st.stm32cube.ide.mcu.externaltools.gnu-tools-for-stm32.13.3.rel1.win32_1.0.0.202411081344/tools/bin/../lib/gcc/arm-none-eabi/13.3.1/../../../../arm-none-eabi/lib\libc.a(libc_a-__call_atexit.o)
                0x200002a8                __atexit
 .bss.__atexit0
                0x200002ac      0x190 C:/ST/STM32CubeIDE_1.18.1/STM32CubeIDE/plugins/com.st.stm32cube.ide.mcu.externaltools.gnu-tools-for-stm32.13.3.rel1.win32_1.0.0.202411081344/tools/bin/../lib/gcc/arm-none-eabi/13.3.1/../../../../arm-none-eabi/lib\libc.a(libc_a-__atexit.o)
                0x200002ac                __atexit0
 *(COMMON)
                0x2000043c                        . = ALIGN (0x4)
                0x2000043c                        _ebss = .
                0x2000043c                        __bss_end__ = _ebss

._user_heap_stack
                0x2000043c      0x604 load address 0x08002134
                0x20000440                        . = ALIGN (0x8)
 *fill*         0x2000043c        0x4 
                [!provide]                        PROVIDE (end = .)
                0x20000440                        PROVIDE (_end = .)
                0x20000640                        . = (. + _Min_Heap_Size)
 *fill*         0x20000440      0x200 
                0x20000a40                        . = (. + _Min_Stack_Size)
 *fill*         0x20000640      0x400 
                0x20000a40                        . = ALIGN (0x8)

/DISCARD/
 libc.a(*)
 libm.a(*)
 libgcc.a(*)

.ARM.attributes
                0x00000000       0x31
 *(.ARM.attributes)
 .ARM.attributes
                0x00000000       0x1c C:/ST/STM32CubeIDE_1.18.1/STM32CubeIDE/plugins/com.st.stm32cube.ide.mcu.externaltools.gnu-tools-for-stm32.13.3.rel1.win32_1.0.0.202411081344/tools/bin/../lib/gcc/arm-none-eabi/13.3.1/crti.o
 .ARM.attributes
                0x0000001c       0x2a C:/ST/STM32CubeIDE_1.18.1/STM32CubeIDE/plugins/com.st.stm32cube.ide.mcu.externaltools.gnu-tools-for-stm32.13.3.rel1.win32_1.0.0.202411081344/tools/bin/../lib/gcc/arm-none-eabi/13.3.1/crtbegin.o
 .ARM.attributes
                0x00000046       0x21 CMakeFiles/app.dir/Startup/startup_stm32f103c6tx.s.obj
 .ARM.attributes
                0x00000067       0x2a CMakeFiles/app.dir/Sources/main.cc.obj
 .ARM.attributes
                0x00000091       0x2d CMakeFiles/app.dir/Sources/syscalls.c.obj
 .ARM.attributes
                0x000000be       0x2a CMakeFiles/app.dir/Sources/usart.cc.obj
 .ARM.attributes
                0x000000e8       0x2a C:/ST/STM32CubeIDE_1.18.1/STM32CubeIDE/plugins/com.st.stm32cube.ide.mcu.externaltools.gnu-tools-for-stm32.13.3.rel1.win32_1.0.0.202411081344/tools/bin/../lib/gcc/arm-none-eabi/13.3.1/../../../../arm-none-eabi/lib\libc.a(libc_a-findfp.o)
 .ARM.attributes
                0x00000112       0x2a C:/ST/STM32CubeIDE_1.18.1/STM32CubeIDE/plugins/com.st.stm32cube.ide.mcu.externaltools.gnu-tools-for-stm32.13.3.rel1.win32_1.0.0.202411081344/tools/bin/../lib/gcc/arm-none-eabi/13.3.1/../../../../arm-none-eabi/lib\libc.a(libc_a-reent.o)
 .ARM.attributes
                0x0000013c       0x2a C:/ST/STM32CubeIDE_1.18.1/STM32CubeIDE/plugins/com.st.stm32cube.ide.mcu.externaltools.gnu-tools-for-stm32.13.3.rel1.win32_1.0.0.202411081344/tools/bin/../lib/gcc/arm-none-eabi/13.3.1/../../../../arm-none-eabi/lib\libc.a(libc_a-impure.o)
 .ARM.attributes
                0x00000166       0x2a C:/ST/STM32CubeIDE_1.18.1/STM32CubeIDE/plugins/com.st.stm32cube.ide.mcu.externaltools.gnu-tools-for-stm32.13.3.rel1.win32_1.0.0.202411081344/tools/bin/../lib/gcc/arm-none-eabi/13.3.1/../../../../arm-none-eabi/lib\libc.a(libc_a-errno.o)
 .ARM.attributes
                0x00000190       0x2a C:/ST/STM32CubeIDE_1.18.1/STM32CubeIDE/plugins/com.st.stm32cube.ide.mcu.externaltools.gnu-tools-for-stm32.13.3.rel1.win32_1.0.0.202411081344/tools/bin/../lib/gcc/arm-none-eabi/13.3.1/../../../../arm-none-eabi/lib\libc.a(libc_a-init.o)
 .ARM.attributes
                0x000001ba       0x2a C:/ST/STM32CubeIDE_1.18.1/STM32CubeIDE/plugins/com.st.stm32cube.ide.mcu.externaltools.gnu-tools-for-stm32.13.3.rel1.win32_1.0.0.202411081344/tools/bin/../lib/gcc/arm-none-eabi/13.3.1/../../../../arm-none-eabi/lib\libc.a(libc_a-lock.o)
 .ARM.attributes
                0x000001e4       0x2a C:/ST/STM32CubeIDE_1.18.1/STM32CubeIDE/plugins/com.st.stm32cube.ide.mcu.externaltools.gnu-tools-for-stm32.13.3.rel1.win32_1.0.0.202411081344/tools/bin/../lib/gcc/arm-none-eabi/13.3.1/../../../../arm-none-eabi/lib\libc.a(libc_a-__call_atexit.o)
 .ARM.attributes
                0x0000020e       0x2a C:/ST/STM32CubeIDE_1.18.1/STM32CubeIDE/plugins/com.st.stm32cube.ide.mcu.externaltools.gnu-tools-for-stm32.13.3.rel1.win32_1.0.0.202411081344/tools/bin/../lib/gcc/arm-none-eabi/13.3.1/../../../../arm-none-eabi/lib\libc.a(libc_a-atexit.o)
 .ARM.attributes
                0x00000238       0x2a C:/ST/STM32CubeIDE_1.18.1/STM32CubeIDE/plugins/com.st.stm32cube.ide.mcu.externaltools.gnu-tools-for-stm32.13.3.rel1.win32_1.0.0.202411081344/tools/bin/../lib/gcc/arm-none-eabi/13.3.1/../../../../arm-none-eabi/lib\libc.a(libc_a-fini.o)
 .ARM.attributes
                0x00000262       0x2a C:/ST/STM32CubeIDE_1.18.1/STM32CubeIDE/plugins/com.st.stm32cube.ide.mcu.externaltools.gnu-tools-for-stm32.13.3.rel1.win32_1.0.0.202411081344/tools/bin/../lib/gcc/arm-none-eabi/13.3.1/../../../../arm-none-eabi/lib\libc.a(libc_a-__atexit.o)
 .ARM.attributes
                0x0000028c       0x2a C:/ST/STM32CubeIDE_1.18.1/STM32CubeIDE/plugins/com.st.stm32cube.ide.mcu.externaltools.gnu-tools-for-stm32.13.3.rel1.win32_1.0.0.202411081344/tools/bin/../lib/gcc/arm-none-eabi/13.3.1\libgcc.a(unwind-arm.o)
 .ARM.attributes
                0x000002b6       0x1c C:/ST/STM32CubeIDE_1.18.1/STM32CubeIDE/plugins/com.st.stm32cube.ide.mcu.externaltools.gnu-tools-for-stm32.13.3.rel1.win32_1.0.0.202411081344/tools/bin/../lib/gcc/arm-none-eabi/13.3.1\libgcc.a(libunwind.o)
 .ARM.attributes
                0x000002d2       0x2a C:/ST/STM32CubeIDE_1.18.1/STM32CubeIDE/plugins/com.st.stm32cube.ide.mcu.externaltools.gnu-tools-for-stm32.13.3.rel1.win32_1.0.0.202411081344/tools/bin/../lib/gcc/arm-none-eabi/13.3.1\libgcc.a(pr-support.o)
 .ARM.attributes
                0x000002fc       0x2a C:/ST/STM32CubeIDE_1.18.1/STM32CubeIDE/plugins/com.st.stm32cube.ide.mcu.externaltools.gnu-tools-for-stm32.13.3.rel1.win32_1.0.0.202411081344/tools/bin/../lib/gcc/arm-none-eabi/13.3.1/../../../../arm-none-eabi/lib\libg.a(libc_a-abort.o)
 .ARM.attributes
                0x00000326       0x2a C:/ST/STM32CubeIDE_1.18.1/STM32CubeIDE/plugins/com.st.stm32cube.ide.mcu.externaltools.gnu-tools-for-stm32.13.3.rel1.win32_1.0.0.202411081344/tools/bin/../lib/gcc/arm-none-eabi/13.3.1/../../../../arm-none-eabi/lib\libg.a(libc_a-signal.o)
 .ARM.attributes
                0x00000350       0x2a C:/ST/STM32CubeIDE_1.18.1/STM32CubeIDE/plugins/com.st.stm32cube.ide.mcu.externaltools.gnu-tools-for-stm32.13.3.rel1.win32_1.0.0.202411081344/tools/bin/../lib/gcc/arm-none-eabi/13.3.1/../../../../arm-none-eabi/lib\libg.a(libc_a-signalr.o)
 .ARM.attributes
                0x0000037a       0x2a C:/ST/STM32CubeIDE_1.18.1/STM32CubeIDE/plugins/com.st.stm32cube.ide.mcu.externaltools.gnu-tools-for-stm32.13.3.rel1.win32_1.0.0.202411081344/tools/bin/../lib/gcc/arm-none-eabi/13.3.1/../../../../arm-none-eabi/lib\libg.a(libc_a-memcpy-stub.o)
 .ARM.attributes
                0x000003a4       0x1c C:/ST/STM32CubeIDE_1.18.1/STM32CubeIDE/plugins/com.st.stm32cube.ide.mcu.externaltools.gnu-tools-for-stm32.13.3.rel1.win32_1.0.0.202411081344/tools/bin/../lib/gcc/arm-none-eabi/13.3.1/crtn.o
OUTPUT(app.elf elf32-littlearm)
LOAD linker stubs
LOAD C:/ST/STM32CubeIDE_1.18.1/STM32CubeIDE/plugins/com.st.stm32cube.ide.mcu.externaltools.gnu-tools-for-stm32.13.3.rel1.win32_1.0.0.202411081344/tools/bin/../lib/gcc/arm-none-eabi/13.3.1/../../../../arm-none-eabi/lib\libc.a
LOAD C:/ST/STM32CubeIDE_1.18.1/STM32CubeIDE/plugins/com.st.stm32cube.ide.mcu.externaltools.gnu-tools-for-stm32.13.3.rel1.win32_1.0.0.202411081344/tools/bin/../lib/gcc/arm-none-eabi/13.3.1/../../../../arm-none-eabi/lib\libm.a
LOAD C:/ST/STM32CubeIDE_1.18.1/STM32CubeIDE/plugins/com.st.stm32cube.ide.mcu.externaltools.gnu-tools-for-stm32.13.3.rel1.win32_1.0.0.202411081344/tools/bin/../lib/gcc/arm-none-eabi/13.3.1\libgcc.a

.debug_line     0x00000000      0xf99
 .debug_line    0x00000000       0x7b CMakeFiles/app.dir/Startup/startup_stm32f103c6tx.s.obj
 .debug_line    0x0000007b       0xc0 CMakeFiles/app.dir/Sources/main.cc.obj
 .debug_line    0x0000013b      0x39b CMakeFiles/app.dir/Sources/syscalls.c.obj
 .debug_line    0x000004d6       0xbe CMakeFiles/app.dir/Sources/usart.cc.obj
 .debug_line    0x00000594      0x167 C:/ST/STM32CubeIDE_1.18.1/STM32CubeIDE/plugins/com.st.stm32cube.ide.mcu.externaltools.gnu-tools-for-stm32.13.3.rel1.win32_1.0.0.202411081344/tools/bin/../lib/gcc/arm-none-eabi/13.3.1/../../../../arm-none-eabi/lib\libg.a(libc_a-abort.o)
 .debug_line    0x000006fb      0x454 C:/ST/STM32CubeIDE_1.18.1/STM32CubeIDE/plugins/com.st.stm32cube.ide.mcu.externaltools.gnu-tools-for-stm32.13.3.rel1.win32_1.0.0.202411081344/tools/bin/../lib/gcc/arm-none-eabi/13.3.1/../../../../arm-none-eabi/lib\libg.a(libc_a-signal.o)
 .debug_line    0x00000b4f      0x25f C:/ST/STM32CubeIDE_1.18.1/STM32CubeIDE/plugins/com.st.stm32cube.ide.mcu.externaltools.gnu-tools-for-stm32.13.3.rel1.win32_1.0.0.202411081344/tools/bin/../lib/gcc/arm-none-eabi/13.3.1/../../../../arm-none-eabi/lib\libg.a(libc_a-signalr.o)
 .debug_line    0x00000dae      0x1eb C:/ST/STM32CubeIDE_1.18.1/STM32CubeIDE/plugins/com.st.stm32cube.ide.mcu.externaltools.gnu-tools-for-stm32.13.3.rel1.win32_1.0.0.202411081344/tools/bin/../lib/gcc/arm-none-eabi/13.3.1/../../../../arm-none-eabi/lib\libg.a(libc_a-memcpy-stub.o)

.debug_line_str
                0x00000000       0x8c
 .debug_line_str
                0x00000000       0x8c CMakeFiles/app.dir/Startup/startup_stm32f103c6tx.s.obj

.debug_info     0x00000000     0x1c69
 .debug_info    0x00000000       0x30 CMakeFiles/app.dir/Startup/startup_stm32f103c6tx.s.obj
 .debug_info    0x00000030       0xbe CMakeFiles/app.dir/Sources/main.cc.obj
 .debug_info    0x000000ee      0x69f CMakeFiles/app.dir/Sources/syscalls.c.obj
 .debug_info    0x0000078d       0x7a CMakeFiles/app.dir/Sources/usart.cc.obj
 .debug_info    0x00000807       0xd8 C:/ST/STM32CubeIDE_1.18.1/STM32CubeIDE/plugins/com.st.stm32cube.ide.mcu.externaltools.gnu-tools-for-stm32.13.3.rel1.win32_1.0.0.202411081344/tools/bin/../lib/gcc/arm-none-eabi/13.3.1/../../../../arm-none-eabi/lib\libg.a(libc_a-abort.o)
 .debug_info    0x000008df      0xa40 C:/ST/STM32CubeIDE_1.18.1/STM32CubeIDE/plugins/com.st.stm32cube.ide.mcu.externaltools.gnu-tools-for-stm32.13.3.rel1.win32_1.0.0.202411081344/tools/bin/../lib/gcc/arm-none-eabi/13.3.1/../../../../arm-none-eabi/lib\libg.a(libc_a-signal.o)
 .debug_info    0x0000131f      0x829 C:/ST/STM32CubeIDE_1.18.1/STM32CubeIDE/plugins/com.st.stm32cube.ide.mcu.externaltools.gnu-tools-for-stm32.13.3.rel1.win32_1.0.0.202411081344/tools/bin/../lib/gcc/arm-none-eabi/13.3.1/../../../../arm-none-eabi/lib\libg.a(libc_a-signalr.o)
 .debug_info    0x00001b48      0x121 C:/ST/STM32CubeIDE_1.18.1/STM32CubeIDE/plugins/com.st.stm32cube.ide.mcu.externaltools.gnu-tools-for-stm32.13.3.rel1.win32_1.0.0.202411081344/tools/bin/../lib/gcc/arm-none-eabi/13.3.1/../../../../arm-none-eabi/lib\libg.a(libc_a-memcpy-stub.o)

.debug_abbrev   0x00000000      0x8de
 .debug_abbrev  0x00000000       0x24 CMakeFiles/app.dir/Startup/startup_stm32f103c6tx.s.obj
 .debug_abbrev  0x00000024       0x8e CMakeFiles/app.dir/Sources/main.cc.obj
 .debug_abbrev  0x000000b2      0x1b4 CMakeFiles/app.dir/Sources/syscalls.c.obj
 .debug_abbrev  0x00000266       0x79 CMakeFiles/app.dir/Sources/usart.cc.obj
 .debug_abbrev  0x000002df       0x99 C:/ST/STM32CubeIDE_1.18.1/STM32CubeIDE/plugins/com.st.stm32cube.ide.mcu.externaltools.gnu-tools-for-stm32.13.3.rel1.win32_1.0.0.202411081344/tools/bin/../lib/gcc/arm-none-eabi/13.3.1/../../../../arm-none-eabi/lib\libg.a(libc_a-abort.o)
 .debug_abbrev  0x00000378      0x27c C:/ST/STM32CubeIDE_1.18.1/STM32CubeIDE/plugins/com.st.stm32cube.ide.mcu.externaltools.gnu-tools-for-stm32.13.3.rel1.win32_1.0.0.202411081344/tools/bin/../lib/gcc/arm-none-eabi/13.3.1/../../../../arm-none-eabi/lib\libg.a(libc_a-signal.o)
 .debug_abbrev  0x000005f4      0x229 C:/ST/STM32CubeIDE_1.18.1/STM32CubeIDE/plugins/com.st.stm32cube.ide.mcu.externaltools.gnu-tools-for-stm32.13.3.rel1.win32_1.0.0.202411081344/tools/bin/../lib/gcc/arm-none-eabi/13.3.1/../../../../arm-none-eabi/lib\libg.a(libc_a-signalr.o)
 .debug_abbrev  0x0000081d       0xc1 C:/ST/STM32CubeIDE_1.18.1/STM32CubeIDE/plugins/com.st.stm32cube.ide.mcu.externaltools.gnu-tools-for-stm32.13.3.rel1.win32_1.0.0.202411081344/tools/bin/../lib/gcc/arm-none-eabi/13.3.1/../../../../arm-none-eabi/lib\libg.a(libc_a-memcpy-stub.o)

.debug_aranges  0x00000000      0x148
 .debug_aranges
                0x00000000       0x28 CMakeFiles/app.dir/Startup/startup_stm32f103c6tx.s.obj
 .debug_aranges
                0x00000028       0x20 CMakeFiles/app.dir/Sources/main.cc.obj
 .debug_aranges
                0x00000048       0x20 CMakeFiles/app.dir/Sources/syscalls.c.obj
 .debug_aranges
                0x00000068       0x20 CMakeFiles/app.dir/Sources/usart.cc.obj
 .debug_aranges
                0x00000088       0x20 C:/ST/STM32CubeIDE_1.18.1/STM32CubeIDE/plugins/com.st.stm32cube.ide.mcu.externaltools.gnu-tools-for-stm32.13.3.rel1.win32_1.0.0.202411081344/tools/bin/../lib/gcc/arm-none-eabi/13.3.1/../../../../arm-none-eabi/lib\libg.a(libc_a-abort.o)
 .debug_aranges
                0x000000a8       0x58 C:/ST/STM32CubeIDE_1.18.1/STM32CubeIDE/plugins/com.st.stm32cube.ide.mcu.externaltools.gnu-tools-for-stm32.13.3.rel1.win32_1.0.0.202411081344/tools/bin/../lib/gcc/arm-none-eabi/13.3.1/../../../../arm-none-eabi/lib\libg.a(libc_a-signal.o)
 .debug_aranges
                0x00000100       0x28 C:/ST/STM32CubeIDE_1.18.1/STM32CubeIDE/plugins/com.st.stm32cube.ide.mcu.externaltools.gnu-tools-for-stm32.13.3.rel1.win32_1.0.0.202411081344/tools/bin/../lib/gcc/arm-none-eabi/13.3.1/../../../../arm-none-eabi/lib\libg.a(libc_a-signalr.o)
 .debug_aranges
                0x00000128       0x20 C:/ST/STM32CubeIDE_1.18.1/STM32CubeIDE/plugins/com.st.stm32cube.ide.mcu.externaltools.gnu-tools-for-stm32.13.3.rel1.win32_1.0.0.202411081344/tools/bin/../lib/gcc/arm-none-eabi/13.3.1/../../../../arm-none-eabi/lib\libg.a(libc_a-memcpy-stub.o)

.debug_str      0x00000000      0xa92
 .debug_str     0x00000000      0xa92 CMakeFiles/app.dir/Startup/startup_stm32f103c6tx.s.obj
                                 0xa8 (size before relaxing)
 .debug_str     0x00000a92      0x164 CMakeFiles/app.dir/Sources/main.cc.obj
 .debug_str     0x00000a92      0x3d7 CMakeFiles/app.dir/Sources/syscalls.c.obj
 .debug_str     0x00000a92       0xe1 CMakeFiles/app.dir/Sources/usart.cc.obj
 .debug_str     0x00000a92      0x1f2 C:/ST/STM32CubeIDE_1.18.1/STM32CubeIDE/plugins/com.st.stm32cube.ide.mcu.externaltools.gnu-tools-for-stm32.13.3.rel1.win32_1.0.0.202411081344/tools/bin/../lib/gcc/arm-none-eabi/13.3.1/../../../../arm-none-eabi/lib\libg.a(libc_a-abort.o)
 .debug_str     0x00000a92      0x59b C:/ST/STM32CubeIDE_1.18.1/STM32CubeIDE/plugins/com.st.stm32cube.ide.mcu.externaltools.gnu-tools-for-stm32.13.3.rel1.win32_1.0.0.202411081344/tools/bin/../lib/gcc/arm-none-eabi/13.3.1/../../../../arm-none-eabi/lib\libg.a(libc_a-signal.o)
 .debug_str     0x00000a92      0x530 C:/ST/STM32CubeIDE_1.18.1/STM32CubeIDE/plugins/com.st.stm32cube.ide.mcu.externaltools.gnu-tools-for-stm32.13.3.rel1.win32_1.0.0.202411081344/tools/bin/../lib/gcc/arm-none-eabi/13.3.1/../../../../arm-none-eabi/lib\libg.a(libc_a-signalr.o)
 .debug_str     0x00000a92      0x20d C:/ST/STM32CubeIDE_1.18.1/STM32CubeIDE/plugins/com.st.stm32cube.ide.mcu.externaltools.gnu-tools-for-stm32.13.3.rel1.win32_1.0.0.202411081344/tools/bin/../lib/gcc/arm-none-eabi/13.3.1/../../../../arm-none-eabi/lib\libg.a(libc_a-memcpy-stub.o)

.debug_rnglists
                0x00000000       0x97
 .debug_rnglists
                0x00000000       0x19 CMakeFiles/app.dir/Startup/startup_stm32f103c6tx.s.obj
 .debug_rnglists
                0x00000019       0x13 C:/ST/STM32CubeIDE_1.18.1/STM32CubeIDE/plugins/com.st.stm32cube.ide.mcu.externaltools.gnu-tools-for-stm32.13.3.rel1.win32_1.0.0.202411081344/tools/bin/../lib/gcc/arm-none-eabi/13.3.1/../../../../arm-none-eabi/lib\libg.a(libc_a-abort.o)
 .debug_rnglists
                0x0000002c       0x3f C:/ST/STM32CubeIDE_1.18.1/STM32CubeIDE/plugins/com.st.stm32cube.ide.mcu.externaltools.gnu-tools-for-stm32.13.3.rel1.win32_1.0.0.202411081344/tools/bin/../lib/gcc/arm-none-eabi/13.3.1/../../../../arm-none-eabi/lib\libg.a(libc_a-signal.o)
 .debug_rnglists
                0x0000006b       0x19 C:/ST/STM32CubeIDE_1.18.1/STM32CubeIDE/plugins/com.st.stm32cube.ide.mcu.externaltools.gnu-tools-for-stm32.13.3.rel1.win32_1.0.0.202411081344/tools/bin/../lib/gcc/arm-none-eabi/13.3.1/../../../../arm-none-eabi/lib\libg.a(libc_a-signalr.o)
 .debug_rnglists
                0x00000084       0x13 C:/ST/STM32CubeIDE_1.18.1/STM32CubeIDE/plugins/com.st.stm32cube.ide.mcu.externaltools.gnu-tools-for-stm32.13.3.rel1.win32_1.0.0.202411081344/tools/bin/../lib/gcc/arm-none-eabi/13.3.1/../../../../arm-none-eabi/lib\libg.a(libc_a-memcpy-stub.o)

.comment        0x00000000       0x43
 .comment       0x00000000       0x43 CMakeFiles/app.dir/Sources/main.cc.obj
                                 0x44 (size before relaxing)
 .comment       0x00000043       0x44 CMakeFiles/app.dir/Sources/syscalls.c.obj
 .comment       0x00000043       0x44 CMakeFiles/app.dir/Sources/usart.cc.obj
 .comment       0x00000043       0x44 C:/ST/STM32CubeIDE_1.18.1/STM32CubeIDE/plugins/com.st.stm32cube.ide.mcu.externaltools.gnu-tools-for-stm32.13.3.rel1.win32_1.0.0.202411081344/tools/bin/../lib/gcc/arm-none-eabi/13.3.1/../../../../arm-none-eabi/lib\libg.a(libc_a-abort.o)
 .comment       0x00000043       0x44 C:/ST/STM32CubeIDE_1.18.1/STM32CubeIDE/plugins/com.st.stm32cube.ide.mcu.externaltools.gnu-tools-for-stm32.13.3.rel1.win32_1.0.0.202411081344/tools/bin/../lib/gcc/arm-none-eabi/13.3.1/../../../../arm-none-eabi/lib\libg.a(libc_a-signal.o)
 .comment       0x00000043       0x44 C:/ST/STM32CubeIDE_1.18.1/STM32CubeIDE/plugins/com.st.stm32cube.ide.mcu.externaltools.gnu-tools-for-stm32.13.3.rel1.win32_1.0.0.202411081344/tools/bin/../lib/gcc/arm-none-eabi/13.3.1/../../../../arm-none-eabi/lib\libg.a(libc_a-signalr.o)
 .comment       0x00000043       0x44 C:/ST/STM32CubeIDE_1.18.1/STM32CubeIDE/plugins/com.st.stm32cube.ide.mcu.externaltools.gnu-tools-for-stm32.13.3.rel1.win32_1.0.0.202411081344/tools/bin/../lib/gcc/arm-none-eabi/13.3.1/../../../../arm-none-eabi/lib\libg.a(libc_a-memcpy-stub.o)

.debug_frame    0x00000000      0xcac
 .debug_frame   0x00000000       0x2c CMakeFiles/app.dir/Sources/main.cc.obj
 .debug_frame   0x0000002c      0x2ac CMakeFiles/app.dir/Sources/syscalls.c.obj
 .debug_frame   0x000002d8       0x30 CMakeFiles/app.dir/Sources/usart.cc.obj
 .debug_frame   0x00000308      0x178 C:/ST/STM32CubeIDE_1.18.1/STM32CubeIDE/plugins/com.st.stm32cube.ide.mcu.externaltools.gnu-tools-for-stm32.13.3.rel1.win32_1.0.0.202411081344/tools/bin/../lib/gcc/arm-none-eabi/13.3.1/../../../../arm-none-eabi/lib\libc.a(libc_a-findfp.o)
 .debug_frame   0x00000480       0x40 C:/ST/STM32CubeIDE_1.18.1/STM32CubeIDE/plugins/com.st.stm32cube.ide.mcu.externaltools.gnu-tools-for-stm32.13.3.rel1.win32_1.0.0.202411081344/tools/bin/../lib/gcc/arm-none-eabi/13.3.1/../../../../arm-none-eabi/lib\libc.a(libc_a-reent.o)
 .debug_frame   0x000004c0       0x20 C:/ST/STM32CubeIDE_1.18.1/STM32CubeIDE/plugins/com.st.stm32cube.ide.mcu.externaltools.gnu-tools-for-stm32.13.3.rel1.win32_1.0.0.202411081344/tools/bin/../lib/gcc/arm-none-eabi/13.3.1/../../../../arm-none-eabi/lib\libc.a(libc_a-errno.o)
 .debug_frame   0x000004e0       0x38 C:/ST/STM32CubeIDE_1.18.1/STM32CubeIDE/plugins/com.st.stm32cube.ide.mcu.externaltools.gnu-tools-for-stm32.13.3.rel1.win32_1.0.0.202411081344/tools/bin/../lib/gcc/arm-none-eabi/13.3.1/../../../../arm-none-eabi/lib\libc.a(libc_a-init.o)
 .debug_frame   0x00000518       0xb0 C:/ST/STM32CubeIDE_1.18.1/STM32CubeIDE/plugins/com.st.stm32cube.ide.mcu.externaltools.gnu-tools-for-stm32.13.3.rel1.win32_1.0.0.202411081344/tools/bin/../lib/gcc/arm-none-eabi/13.3.1/../../../../arm-none-eabi/lib\libc.a(libc_a-lock.o)
 .debug_frame   0x000005c8       0x64 C:/ST/STM32CubeIDE_1.18.1/STM32CubeIDE/plugins/com.st.stm32cube.ide.mcu.externaltools.gnu-tools-for-stm32.13.3.rel1.win32_1.0.0.202411081344/tools/bin/../lib/gcc/arm-none-eabi/13.3.1/../../../../arm-none-eabi/lib\libc.a(libc_a-__call_atexit.o)
 .debug_frame   0x0000062c       0x2c C:/ST/STM32CubeIDE_1.18.1/STM32CubeIDE/plugins/com.st.stm32cube.ide.mcu.externaltools.gnu-tools-for-stm32.13.3.rel1.win32_1.0.0.202411081344/tools/bin/../lib/gcc/arm-none-eabi/13.3.1/../../../../arm-none-eabi/lib\libc.a(libc_a-atexit.o)
 .debug_frame   0x00000658       0x38 C:/ST/STM32CubeIDE_1.18.1/STM32CubeIDE/plugins/com.st.stm32cube.ide.mcu.externaltools.gnu-tools-for-stm32.13.3.rel1.win32_1.0.0.202411081344/tools/bin/../lib/gcc/arm-none-eabi/13.3.1/../../../../arm-none-eabi/lib\libc.a(libc_a-fini.o)
 .debug_frame   0x00000690       0x3c C:/ST/STM32CubeIDE_1.18.1/STM32CubeIDE/plugins/com.st.stm32cube.ide.mcu.externaltools.gnu-tools-for-stm32.13.3.rel1.win32_1.0.0.202411081344/tools/bin/../lib/gcc/arm-none-eabi/13.3.1/../../../../arm-none-eabi/lib\libc.a(libc_a-__atexit.o)
 .debug_frame   0x000006cc      0x350 C:/ST/STM32CubeIDE_1.18.1/STM32CubeIDE/plugins/com.st.stm32cube.ide.mcu.externaltools.gnu-tools-for-stm32.13.3.rel1.win32_1.0.0.202411081344/tools/bin/../lib/gcc/arm-none-eabi/13.3.1\libgcc.a(unwind-arm.o)
 .debug_frame   0x00000a1c      0x10c C:/ST/STM32CubeIDE_1.18.1/STM32CubeIDE/plugins/com.st.stm32cube.ide.mcu.externaltools.gnu-tools-for-stm32.13.3.rel1.win32_1.0.0.202411081344/tools/bin/../lib/gcc/arm-none-eabi/13.3.1\libgcc.a(pr-support.o)
 .debug_frame   0x00000b28       0x28 C:/ST/STM32CubeIDE_1.18.1/STM32CubeIDE/plugins/com.st.stm32cube.ide.mcu.externaltools.gnu-tools-for-stm32.13.3.rel1.win32_1.0.0.202411081344/tools/bin/../lib/gcc/arm-none-eabi/13.3.1/../../../../arm-none-eabi/lib\libg.a(libc_a-abort.o)
 .debug_frame   0x00000b50       0xec C:/ST/STM32CubeIDE_1.18.1/STM32CubeIDE/plugins/com.st.stm32cube.ide.mcu.externaltools.gnu-tools-for-stm32.13.3.rel1.win32_1.0.0.202411081344/tools/bin/../lib/gcc/arm-none-eabi/13.3.1/../../../../arm-none-eabi/lib\libg.a(libc_a-signal.o)
 .debug_frame   0x00000c3c       0x50 C:/ST/STM32CubeIDE_1.18.1/STM32CubeIDE/plugins/com.st.stm32cube.ide.mcu.externaltools.gnu-tools-for-stm32.13.3.rel1.win32_1.0.0.202411081344/tools/bin/../lib/gcc/arm-none-eabi/13.3.1/../../../../arm-none-eabi/lib\libg.a(libc_a-signalr.o)
 .debug_frame   0x00000c8c       0x20 C:/ST/STM32CubeIDE_1.18.1/STM32CubeIDE/plugins/com.st.stm32cube.ide.mcu.externaltools.gnu-tools-for-stm32.13.3.rel1.win32_1.0.0.202411081344/tools/bin/../lib/gcc/arm-none-eabi/13.3.1/../../../../arm-none-eabi/lib\libg.a(libc_a-memcpy-stub.o)

.debug_loclists
                0x00000000      0x3ec
 .debug_loclists
                0x00000000      0x2bd C:/ST/STM32CubeIDE_1.18.1/STM32CubeIDE/plugins/com.st.stm32cube.ide.mcu.externaltools.gnu-tools-for-stm32.13.3.rel1.win32_1.0.0.202411081344/tools/bin/../lib/gcc/arm-none-eabi/13.3.1/../../../../arm-none-eabi/lib\libg.a(libc_a-signal.o)
 .debug_loclists
                0x000002bd       0xa4 C:/ST/STM32CubeIDE_1.18.1/STM32CubeIDE/plugins/com.st.stm32cube.ide.mcu.externaltools.gnu-tools-for-stm32.13.3.rel1.win32_1.0.0.202411081344/tools/bin/../lib/gcc/arm-none-eabi/13.3.1/../../../../arm-none-eabi/lib\libg.a(libc_a-signalr.o)
 .debug_loclists
                0x00000361       0x8b C:/ST/STM32CubeIDE_1.18.1/STM32CubeIDE/plugins/com.st.stm32cube.ide.mcu.externaltools.gnu-tools-for-stm32.13.3.rel1.win32_1.0.0.202411081344/tools/bin/../lib/gcc/arm-none-eabi/13.3.1/../../../../arm-none-eabi/lib\libg.a(libc_a-memcpy-stub.o)
